node.exe : ΓÜá Warning: Next.js inferred your workspace root, but it may not be correct.
At C:\Program Files\nodejs\npx.ps1:29 char:3
+   & $NODE_EXE $NPX_CLI_JS $args
+   ~~~~~~~~~~~~~~~~~~~~~~~~~~~~~
    + CategoryInfo          : NotSpecified: (ΓÜá Warning: Ne...not be correct.:String) [], RemoteException
    + FullyQualifiedErrorId : NativeCommandError
 
 We detected multiple lockfiles and selected the directory of D:\Works\Project001\sex\package-lock.json as the root 
directory.
 To silence this warning, set `turbopack.root` in your Next.js config, or consider removing one of the lockfiles if 
it's not needed.
   See https://nextjs.org/docs/app/api-reference/config/next-config-js/turbopack#root-directory for more information.
 Detected additional lockfiles: 
   * D:\Works\Project001\sex\HamidParvaz\package-lock.json

Γû▓ Next.js 16.2.9 (Turbopack)

  Creating an optimized production build ...
Γ£ô Compiled successfully in 5.0s
  Running TypeScript ...
  Finished TypeScript in 8.1s ...
  Collecting page data using 11 workers ...
  Generating static pages using 11 workers (0/61) ...
  Generating static pages using 11 workers (15/61) 
  Generating static pages using 11 workers (30/61) 
  Generating static pages using 11 workers (45/61) 
Γ£ô Generating static pages using 11 workers (61/61) in 863ms
  Finalizing page optimization ...

Route (app)
Γöî Γùï /
Γö£ Γùï /_not-found
Γö£ Γùï /about-us
Γö£ Γùï /auth
Γö£ Γùï /blog
Γö£ ΓùÅ /blog/[slug]
Γöé Γö£ /blog/maafiat-maliati-foroughgahi
Γöé Γöö /blog/hotel-dubai-7star
Γö£ Γùï /cancellation
Γö£ Γùï /cancellation/flight
Γö£ Γùï /cancellation/hotel
Γö£ Γùï /cancellation/tour
Γö£ Γùï /cooperation
Γö£ Γùï /faq
Γö£ Γùï /flight
Γö£ Γùï /flight-info
Γö£ Γùï /flight/flightch
Γö£ Γùï /flight/flightse
Γö£ Γùï /flight/reserve/form
Γö£ Γùï /flight/reserve/prepay
Γö£ Γùï /guid
Γö£ Γùï /home
Γö£ Γùï /hotel
Γö£ Γùï /hotel/hotelch
Γö£ Γùï /hotel/hotelse
Γö£ Γùï /hotel/reserve/form
Γö£ Γùï /hotel/reserve/prepay
Γö£ Γùï /reserve/auto-reserve
Γö£ Γùï /reserve/auto-reserve/filters
Γö£ Γùï /reserve/form
Γö£ Γùï /reserve/prepay
Γö£ Γùï /rules
Γö£ Γùï /tour
Γö£ Γùï /tour/make-your-own/flight/away
Γö£ Γùï /tour/make-your-own/flight/return
Γö£ Γùï /tour/make-your-own/hotel
Γö£ Γùï /tour/make-your-own/hotel/room
Γö£ Γùï /tour/make-your-own/passenger-info
Γö£ Γùï /tour/make-your-own/payment
Γö£ Γùï /tour/reserve/form
Γö£ Γùï /tour/reserve/prepay
Γö£ Γùï /tour/tourch
Γö£ Γùï /tour/tourse
Γö£ ΓùÅ /travel/[slug]
Γöé Γö£ /travel/istanbul-tour
Γöé Γö£ /travel/kish-tour
Γöé Γö£ /travel/thailand-tour
Γöé Γöö [+2 more paths]
Γö£ Γùï /userpanel
Γö£ Γùï /userpanel/auto-reserve
Γö£ Γùï /userpanel/club
Γö£ Γùï /userpanel/club/history
Γö£ Γùï /userpanel/club/level
Γö£ Γùï /userpanel/club/used-score
Γö£ Γùï /userpanel/creadit
Γö£ Γùï /userpanel/gift-card
Γö£ Γùï /userpanel/messages
Γö£ Γùï /userpanel/pax
Γö£ Γùï /userpanel/tel-robat
Γöö Γùï /userpanel/tracking


Γùï  (Static)  prerendered as static content
ΓùÅ  (SSG)     prerendered as static HTML (uses generateStaticParams)

